SMOKE: initializing keystore...
No env keys found — generating ephemeral keypair
Key ID: 7c1bad64db782587 source: ephemeral
Wrote signed receipt to /Users/rorysemeah/Documents/GitHub/QBos---Master-Founder-Repo/proof/local_receipts.jsonl
Signed receipt: {
  "id": "smoke_1767232381299",
  "createdAt": "2026-01-01T01:53:01.299Z",
  "sessionId": "smoke-test",
  "type": "smoke.test",
  "verification_hash": "c0fecd69b5446c315393d4322da01a66f2972a336baef77dcdbe25b530b58253",
  "parentReceiptId": null,
  "nonce": "5d3cf107e8989ed9",
  "details": {
    "message": "hello truthserum",
    "ts": "2026-01-01T01:53:01.300Z"
  },
  "signerKeyId": "7c1bad64db782587",
  "signature": "bXWKLzwtOqDJagKjedu1G0URbVdbrkCCCDgZVw1A9T0nySS4sXKWjhqZKTCQbIGtXWgumbaZn4I08KpyOLWaDA==",
  "algo": "Ed25519"
}
Verification (in-memory public key): true

Side effects:
- Files written: /Users/rorysemeah/Documents/GitHub/QBos---Master-Founder-Repo/proof/local_receipts.jsonl
- Files read: none
- Environment variables used: TRUTHSERUM_PRIVATE_KEY_PEM_BASE64, TRUTHSERUM_PUBLIC_KEY_PEM_BASE64
- External services touched: none
- Persistent state modified: appended to proof/local_receipts.jsonl
