SMOKE: initializing keystore...
Failed to load env keypair (invalid PEM/base64). Falling back to ephemeral. Error: error:1E08010C:DECODER routines::unsupported
No env keys found — generating ephemeral keypair
Key ID: 318b1f04b8bda121 source: ephemeral
Wrote signed receipt to /home/runner/work/QBos---Master-Founder-Repo/QBos---Master-Founder-Repo/proof/local_receipts.jsonl
Signed receipt: {
  "id": "smoke_1767266385244",
  "createdAt": "2026-01-01T11:19:45.244Z",
  "sessionId": "smoke-test",
  "type": "smoke.test",
  "verification_hash": "6052651969bcaf9828ce9a7125e90a9caa505267cf6585b6c3199bca3e1f1465",
  "parentReceiptId": null,
  "nonce": "464d6ad46b96bafb",
  "details": {
    "message": "hello truthserum",
    "ts": "2026-01-01T11:19:45.245Z"
  },
  "signerKeyId": "318b1f04b8bda121",
  "signature": "INXPQpXmxcIfSgFAjLnGEAs7NdmGiqd6VVLksq/PsI6rqDIVXn4wGiAKi2Jy+Qwwo5PA0MmoEqJdnE4TEZ8sBQ==",
  "algo": "Ed25519"
}
Verification (in-memory public key): true

Side effects:
- Files written: /home/runner/work/QBos---Master-Founder-Repo/QBos---Master-Founder-Repo/proof/local_receipts.jsonl
- Files read: none
- Environment variables used: TRUTHSERUM_PRIVATE_KEY_PEM_BASE64, TRUTHSERUM_PUBLIC_KEY_PEM_BASE64
- External services touched: none
- Persistent state modified: appended to proof/local_receipts.jsonl
