SMOKE: initializing keystore...
No env keys found — generating ephemeral keypair
Key ID: 6dea62668fe8f3de source: ephemeral
Wrote signed receipt to /Users/rorysemeah/Documents/GitHub/QBos---Master-Founder-Repo/proof/local_receipts.jsonl
Signed receipt: {
  "id": "smoke_1767267985791",
  "createdAt": "2026-01-01T11:46:25.791Z",
  "sessionId": "smoke-test",
  "type": "smoke.test",
  "verification_hash": "ad7b643229b27b9f5d27a13be599aa4b0d7b97c304dc135824ce35ffdeba6f3f",
  "parentReceiptId": null,
  "nonce": "f1544cb4f6ee04f6",
  "details": {
    "message": "hello truthserum",
    "ts": "2026-01-01T11:46:25.798Z"
  },
  "signerKeyId": "6dea62668fe8f3de",
  "signature": "t3WqdxTvqOfu7181gdZR7JWxbgYb2rjb6Igq2a5g4WkBnxRmgUDU8g3Ea75sTK1PajkRv2fMTobrtwUoebm7Bw==",
  "algo": "Ed25519"
}
Verification (in-memory public key): true

Side effects:
- Files written: /Users/rorysemeah/Documents/GitHub/QBos---Master-Founder-Repo/proof/local_receipts.jsonl
- Files read: none
- Environment variables used: TRUTHSERUM_PRIVATE_KEY_PEM_BASE64, TRUTHSERUM_PUBLIC_KEY_PEM_BASE64
- External services touched: none
- Persistent state modified: appended to proof/local_receipts.jsonl
