SMOKE: initializing keystore...
Failed to load env keypair (invalid PEM/base64). Falling back to ephemeral. Error: error:1E08010C:DECODER routines::unsupported
No env keys found — generating ephemeral keypair
Key ID: 5f319788c15677c2 source: ephemeral
Wrote signed receipt to /home/runner/work/QBos---Master-Founder-Repo/QBos---Master-Founder-Repo/proof/local_receipts.jsonl
Signed receipt: {
  "id": "smoke_1767231357706",
  "createdAt": "2026-01-01T01:35:57.706Z",
  "sessionId": "smoke-test",
  "type": "smoke.test",
  "verification_hash": "11c89028e6477b9bdab22f8aab6aa66c27502c486a5a68a3c23057c4da48eb24",
  "parentReceiptId": null,
  "nonce": "9ee7965e971fed78",
  "details": {
    "message": "hello truthserum",
    "ts": "2026-01-01T01:35:57.706Z"
  },
  "signerKeyId": "5f319788c15677c2",
  "signature": "8J1iWE/XybwElnuCpCR+DQI01dP9bL5RUdE4jKc070SymNgwIApKPY86e0kKyfoaeLURMaXn7Kspfe2Kw2yXAQ==",
  "algo": "Ed25519"
}
Verification (in-memory public key): true

Side effects:
- Files written: /home/runner/work/QBos---Master-Founder-Repo/QBos---Master-Founder-Repo/proof/local_receipts.jsonl
- Files read: none
- Environment variables used: TRUTHSERUM_PRIVATE_KEY_PEM_BASE64, TRUTHSERUM_PUBLIC_KEY_PEM_BASE64
- External services touched: none
- Persistent state modified: appended to proof/local_receipts.jsonl
